#
# There is insufficient memory for the Java Runtime Environment to continue.
# Native memory allocation (malloc) failed to allocate 158416 bytes. Error detail: Chunk::new
# Possible reasons:
#   The system is out of physical RAM or swap space
#   This process is running with CompressedOops enabled, and the Java Heap may be blocking the growth of the native heap
# Possible solutions:
#   Reduce memory load on the system
#   Increase physical memory or swap space
#   Check if swap backing store is full
#   Decrease Java heap size (-Xmx/-Xms)
#   Decrease number of Java threads
#   Decrease Java thread stack sizes (-Xss)
#   Set larger code cache with -XX:ReservedCodeCacheSize=
#   JVM is running with Unscaled Compressed Oops mode in which the Java heap is
#     placed in the first 4GB address space. The Java Heap base address is the
#     maximum limit for the native heap growth. Please use -XX:HeapBaseMinAddress
#     to set the Java Heap base and to place the Java Heap above 4GB virtual address.
# This output file may be truncated or incomplete.
#
#  Out of Memory Error (arena.cpp:168), pid=26420, tid=34228
#
# JRE version: OpenJDK Runtime Environment Temurin-21.0.11+10 (21.0.11+10) (build 21.0.11+10-LTS)
# Java VM: OpenJDK 64-Bit Server VM Temurin-21.0.11+10 (21.0.11+10-LTS, mixed mode, sharing, tiered, compressed oops, compressed class ptrs, parallel gc, windows-amd64)
# No core dump will be written. Minidumps are not enabled by default on client versions of Windows
#

---------------  S U M M A R Y ------------

Command Line: --add-modules=ALL-SYSTEM --add-opens=java.base/java.util=ALL-UNNAMED --add-opens=java.base/java.lang=ALL-UNNAMED --add-opens=java.base/sun.nio.fs=ALL-UNNAMED -Declipse.application=org.eclipse.jdt.ls.core.id1 -Dosgi.bundles.defaultStartLevel=4 -Declipse.product=org.eclipse.jdt.ls.core.product -Djava.import.generatesMetadataFilesAtProjectRoot=false -DDetectVMInstallationsJob.disabled=true -Dfile.encoding=utf8 -XX:+UseParallelGC -XX:GCTimeRatio=4 -XX:AdaptiveSizePolicyWeight=90 -Dsun.zip.disableMemoryMapping=true -Xmx2G -Xms100m -Xlog:disable -javaagent:c:\Users\arpit\.vscode\extensions\redhat.java-1.55.0-win32-x64\lombok\lombok-1.18.39-4050.jar c:\Users\arpit\.vscode\extensions\redhat.java-1.55.0-win32-x64\server\plugins\org.eclipse.equinox.launcher_1.7.200.v20260619-2039.jar -configuration c:\Users\arpit\AppData\Roaming\Code\User\globalStorage\redhat.java\1.55.0\config_ss_win -data c:\Users\arpit\AppData\Roaming\Code\User\workspaceStorage\25ee04eb5f50706b54d9e8c593832732\redhat.java\ss_ws --pipe=\\.\pipe\lsp-ffbf8b6b5058d0e7384a877362a07bf7-sock

Host: 12th Gen Intel(R) Core(TM) i5-1235U, 12 cores, 15G,  Windows 11 , 64 bit Build 26100 (10.0.26100.8521)
Time: Fri Jul 24 16:47:20 2026 India Standard Time elapsed time: 2.013914 seconds (0d 0h 0m 2s)

---------------  T H R E A D  ---------------

Current thread (0x0000029392e23290):  JavaThread "C2 CompilerThread1" daemon [_thread_in_native, id=34228, stack(0x000000d362b00000,0x000000d362c00000) (1024K)]


Current CompileTask:
C2:2013 1402       4       java.util.HashMap::put (13 bytes)

Stack: [0x000000d362b00000,0x000000d362c00000]
Native frames: (J=compiled Java code, j=interpreted, Vv=VM code, C=native code)
V  [jvm.dll+0x6d7e19]
V  [jvm.dll+0x8b5096]
V  [jvm.dll+0x8b764e]
V  [jvm.dll+0x8b7d33]
V  [jvm.dll+0x284596]
V  [jvm.dll+0xc685d]
V  [jvm.dll+0xc6da1]
V  [jvm.dll+0x3bed31]
V  [jvm.dll+0x38b2b2]
V  [jvm.dll+0x38a6fa]
V  [jvm.dll+0x24c700]
V  [jvm.dll+0x24bce0]
V  [jvm.dll+0x1cb4ae]
V  [jvm.dll+0x25baad]
V  [jvm.dll+0x25a03a]
V  [jvm.dll+0x3f868e]
V  [jvm.dll+0x85fb0d]
V  [jvm.dll+0x6d664d]
C  [ucrtbase.dll+0x2cd30]
C  [KERNEL32.DLL+0x2e957]
C  [ntdll.dll+0x87c1c]


---------------  P R O C E S S  ---------------

Threads class SMR info:
_java_thread_list=0x00000293970ed5d0, length=13, elements={
0x00000293391ea670, 0x000002933919d440, 0x0000029392a90820, 0x0000029392a94690,
0x0000029392a97100, 0x0000029392a9b200, 0x0000029392aa4660, 0x0000029392ad0850,
0x0000029392ad1d90, 0x0000029392d5d420, 0x0000029392d85540, 0x0000029392e23290,
0x0000029392e21e20
}

Java Threads: ( => current thread )
  0x00000293391ea670 JavaThread "main"                              [_thread_in_vm, id=9148, stack(0x000000d361d00000,0x000000d361e00000) (1024K)]
  0x000002933919d440 JavaThread "Reference Handler"          daemon [_thread_blocked, id=28696, stack(0x000000d362100000,0x000000d362200000) (1024K)]
  0x0000029392a90820 JavaThread "Finalizer"                  daemon [_thread_blocked, id=8900, stack(0x000000d362200000,0x000000d362300000) (1024K)]
  0x0000029392a94690 JavaThread "Signal Dispatcher"          daemon [_thread_blocked, id=34064, stack(0x000000d362300000,0x000000d362400000) (1024K)]
  0x0000029392a97100 JavaThread "Attach Listener"            daemon [_thread_blocked, id=18784, stack(0x000000d362400000,0x000000d362500000) (1024K)]
  0x0000029392a9b200 JavaThread "Service Thread"             daemon [_thread_blocked, id=27076, stack(0x000000d362500000,0x000000d362600000) (1024K)]
  0x0000029392aa4660 JavaThread "Monitor Deflation Thread"   daemon [_thread_blocked, id=16500, stack(0x000000d362600000,0x000000d362700000) (1024K)]
  0x0000029392ad0850 JavaThread "C2 CompilerThread0"         daemon [_thread_blocked, id=26116, stack(0x000000d362700000,0x000000d362800000) (1024K)]
  0x0000029392ad1d90 JavaThread "C1 CompilerThread0"         daemon [_thread_in_native, id=31528, stack(0x000000d362800000,0x000000d362900000) (1024K)]
  0x0000029392d5d420 JavaThread "Common-Cleaner"             daemon [_thread_blocked, id=33268, stack(0x000000d362a00000,0x000000d362b00000) (1024K)]
  0x0000029392d85540 JavaThread "Notification Thread"        daemon [_thread_blocked, id=14972, stack(0x000000d362900000,0x000000d362a00000) (1024K)]
=>0x0000029392e23290 JavaThread "C2 CompilerThread1"         daemon [_thread_in_native, id=34228, stack(0x000000d362b00000,0x000000d362c00000) (1024K)]
  0x0000029392e21e20 JavaThread "C2 CompilerThread2"         daemon [_thread_in_native, id=18456, stack(0x000000d363200000,0x000000d363300000) (1024K)]
Total: 13

Other Threads:
  0x0000029339184940 VMThread "VM Thread"                           [id=22104, stack(0x000000d362000000,0x000000d362100000) (1024K)]
  0x000002933907ca00 WatcherThread "VM Periodic Task Thread"        [id=16564, stack(0x000000d361f00000,0x000000d362000000) (1024K)]
  0x000002933920a060 WorkerThread "GC Thread#0"                     [id=18340, stack(0x000000d361e00000,0x000000d361f00000) (1024K)]
  0x0000029397534060 WorkerThread "GC Thread#1"                     [id=17256, stack(0x000000d362c00000,0x000000d362d00000) (1024K)]
  0x0000029392e8e510 WorkerThread "GC Thread#2"                     [id=17416, stack(0x000000d362d00000,0x000000d362e00000) (1024K)]
  0x0000029392e8e8c0 WorkerThread "GC Thread#3"                     [id=30000, stack(0x000000d362e00000,0x000000d362f00000) (1024K)]
  0x00000293978684c0 WorkerThread "GC Thread#4"                     [id=26736, stack(0x000000d362f00000,0x000000d363000000) (1024K)]
  0x00000293975238b0 WorkerThread "GC Thread#5"                     [id=15448, stack(0x000000d363000000,0x000000d363100000) (1024K)]
  0x0000029397868870 WorkerThread "GC Thread#6"                     [id=20852, stack(0x000000d363100000,0x000000d363200000) (1024K)]
Total: 9

Threads with active compile tasks:
C1 CompilerThread0  2039 1462       1       java.util.concurrent.locks.ReentrantReadWriteLock::readLock (5 bytes)
C2 CompilerThread1  2039 1402       4       java.util.HashMap::put (13 bytes)
C2 CompilerThread2  2039 1397       4       org.eclipse.osgi.container.ModuleDatabase$Persistence::readString0 (98 bytes)
Total: 3

VM state: not at safepoint (normal execution)

VM Mutex/Monitor currently owned by a thread: None

Heap address: 0x0000000080000000, size: 2048 MB, Compressed Oops mode: 32-bit

CDS archive(s) mapped at: [0x0000029350000000-0x0000029350ba0000-0x0000029350ba0000), size 12189696, SharedBaseAddress: 0x0000029350000000, ArchiveRelocationMode: 1.
Compressed class space mapped at: 0x0000029351000000-0x0000029391000000, reserved size: 1073741824
Narrow klass base: 0x0000029350000000, Narrow klass shift: 0, Narrow klass range: 0x100000000

GC Precious Log:
 CardTable entry size: 512
 CPUs: 12 total, 12 available
 Memory: 16108M
 Large Page Support: Disabled
 NUMA Support: Disabled
 Compressed Oops: Enabled (32-bit)
 Alignments: Space 512K, Generation 512K, Heap 2M
 Heap Min Capacity: 100M
 Heap Initial Capacity: 100M
 Heap Max Capacity: 2G
 Pre-touch: Disabled
 Parallel Workers: 10

Heap:
 PSYoungGen      total 29696K, used 17170K [0x00000000d5580000, 0x00000000d7680000, 0x0000000100000000)
  eden space 25600K, 54% used [0x00000000d5580000,0x00000000d6312c28,0x00000000d6e80000)
  from space 4096K, 79% used [0x00000000d6e80000,0x00000000d71b1e98,0x00000000d7280000)
  to   space 4096K, 0% used [0x00000000d7280000,0x00000000d7280000,0x00000000d7680000)
 ParOldGen       total 68608K, used 16K [0x0000000080000000, 0x0000000084300000, 0x00000000d5580000)
  object space 68608K, 0% used [0x0000000080000000,0x0000000080004000,0x0000000084300000)
 Metaspace       used 6580K, committed 6912K, reserved 1114112K
  class space    used 674K, committed 832K, reserved 1048576K

Card table byte_map: [0x0000029338b90000,0x0000029338fa0000] _byte_map_base: 0x0000029338790000

Marking Bits: (ParMarkBitMap*) 0x00007ff8c5794460
 Begin Bits: [0x000002934b6a0000, 0x000002934d6a0000)
 End Bits:   [0x000002934d6a0000, 0x000002934f6a0000)

Polling page: 0x0000029337280000

Metaspace:

Usage:
  Non-class:      5.77 MB used.
      Class:    674.82 KB used.
       Both:      6.43 MB used.

Virtual space:
  Non-class space:       64.00 MB reserved,       5.94 MB (  9%) committed,  1 nodes.
      Class space:        1.00 GB reserved,     832.00 KB ( <1%) committed,  1 nodes.
             Both:        1.06 GB reserved,       6.75 MB ( <1%) committed. 

Chunk freelists:
   Non-Class:  9.67 MB
       Class:  15.04 MB
        Both:  24.71 MB

MaxMetaspaceSize: unlimited
CompressedClassSpaceSize: 1.00 GB
Initial GC threshold: 21.00 MB
Current GC threshold: 21.00 MB
CDS: on
 - commit_granule_bytes: 65536.
 - commit_granule_words: 8192.
 - virtual_space_node_default_size: 8388608.
 - enlarge_chunks_in_place: 1.
 - use_allocation_guard: 0.


Internal statistics:

num_allocs_failed_limit: 0.
num_arena_births: 206.
num_arena_deaths: 0.
num_vsnodes_births: 2.
num_vsnodes_deaths: 0.
num_space_committed: 108.
num_space_uncommitted: 0.
num_chunks_returned_to_freelist: 0.
num_chunks_taken_from_freelist: 346.
num_chunk_merges: 0.
num_chunk_splits: 226.
num_chunks_enlarged: 144.
num_inconsistent_stats: 0.

CodeHeap 'non-profiled nmethods': size=120000Kb used=648Kb max_used=648Kb free=119351Kb
 bounds [0x0000029343ec0000, 0x0000029344130000, 0x000002934b3f0000]
CodeHeap 'profiled nmethods': size=120000Kb used=2504Kb max_used=2504Kb free=117495Kb
 bounds [0x000002933c3f0000, 0x000002933c670000, 0x0000029343920000]
CodeHeap 'non-nmethods': size=5760Kb used=1209Kb max_used=1245Kb free=4550Kb
 bounds [0x0000029343920000, 0x0000029343b90000, 0x0000029343ec0000]
CodeCache: size=245760Kb, used=4361Kb, max_used=4397Kb, free=241396Kb
 total_blobs=1933, nmethods=1461, adapters=379, full_count=0
Compilation: enabled, stopped_count=0, restarted_count=0

Compilation events (20 events):
Event: 2.008 Thread 0x0000029392ad1d90 nmethod 1415 0x000002933c64a310 code [0x000002933c64a4e0, 0x000002933c64a7d8]
Event: 2.008 Thread 0x0000029392ad1d90 1418       3       java.util.Collections$UnmodifiableRandomAccessList::subList (19 bytes)
Event: 2.009 Thread 0x0000029392ad1d90 nmethod 1418 0x000002933c64a990 code [0x000002933c64ab80, 0x000002933c64b098]
Event: 2.010 Thread 0x0000029392ad1d90 1413       1       org.eclipse.osgi.container.ModuleRequirement::getNamespace (5 bytes)
Event: 2.010 Thread 0x0000029392ad1d90 nmethod 1413 0x0000029343f59910 code [0x0000029343f59aa0, 0x0000029343f59b68]
Event: 2.010 Thread 0x0000029392ad1d90 1419       3       org.eclipse.osgi.internal.container.NamespaceList$2::apply (9 bytes)
Event: 2.010 Thread 0x0000029392ad1d90 nmethod 1419 0x000002933c64b290 code [0x000002933c64b440, 0x000002933c64b6b8]
Event: 2.010 Thread 0x0000029392ad1d90 1420       3       org.eclipse.osgi.internal.container.NamespaceList$2::apply (5 bytes)
Event: 2.010 Thread 0x0000029392ad1d90 nmethod 1420 0x000002933c64b810 code [0x000002933c64b9a0, 0x000002933c64bad0]
Event: 2.010 Thread 0x0000029392ad1d90 1394       3       org.eclipse.osgi.internal.container.NamespaceList$Builder::getNamespaceList (20 bytes)
Event: 2.011 Thread 0x0000029392ad1d90 nmethod 1394 0x000002933c64bb90 code [0x000002933c64bd60, 0x000002933c64c178]
Event: 2.011 Thread 0x0000029392ad1d90 1395       3       org.eclipse.osgi.internal.container.NamespaceList$Builder$2::<init> (10 bytes)
Event: 2.011 Thread 0x0000029392ad1d90 nmethod 1395 0x000002933c64c310 code [0x000002933c64c4c0, 0x000002933c64c648]
Event: 2.011 Thread 0x0000029392ad1d90 1421       1       org.eclipse.osgi.container.ModuleWiring::getRevision (5 bytes)
Event: 2.011 Thread 0x0000029392ad1d90 nmethod 1421 0x0000029343f59c10 code [0x0000029343f59da0, 0x0000029343f59e68]
Event: 2.011 Thread 0x0000029392ad1d90 1387       3       org.eclipse.osgi.container.ModuleRevisionBuilder$GenericInfo::<init> (26 bytes)
Event: 2.011 Thread 0x0000029392ad1d90 nmethod 1387 0x000002933c64c710 code [0x000002933c64c8c0, 0x000002933c64ca70]
Event: 2.011 Thread 0x0000029392ad1d90 1425       3       java.lang.invoke.Invokers::maybeCustomize (5 bytes)
Event: 2.011 Thread 0x0000029392ad1d90 nmethod 1425 0x000002933c64cb10 code [0x000002933c64ccc0, 0x000002933c64ce70]
Event: 2.011 Thread 0x0000029392ad1d90 1426       3       java.lang.invoke.MethodHandle::maybeCustomize (38 bytes)

GC Heap History (2 events):
Event: 1.564 GC heap before
{Heap before GC invocations=1 (full 0):
 PSYoungGen      total 29696K, used 25600K [0x00000000d5580000, 0x00000000d7680000, 0x0000000100000000)
  eden space 25600K, 100% used [0x00000000d5580000,0x00000000d6e80000,0x00000000d6e80000)
  from space 4096K, 0% used [0x00000000d7280000,0x00000000d7280000,0x00000000d7680000)
  to   space 4096K, 0% used [0x00000000d6e80000,0x00000000d6e80000,0x00000000d7280000)
 ParOldGen       total 68608K, used 0K [0x0000000080000000, 0x0000000084300000, 0x00000000d5580000)
  object space 68608K, 0% used [0x0000000080000000,0x0000000080000000,0x0000000084300000)
 Metaspace       used 4343K, committed 4608K, reserved 1114112K
  class space    used 475K, committed 576K, reserved 1048576K
}
Event: 1.576 GC heap after
{Heap after GC invocations=1 (full 0):
 PSYoungGen      total 29696K, used 3271K [0x00000000d5580000, 0x00000000d7680000, 0x0000000100000000)
  eden space 25600K, 0% used [0x00000000d5580000,0x00000000d5580000,0x00000000d6e80000)
  from space 4096K, 79% used [0x00000000d6e80000,0x00000000d71b1e98,0x00000000d7280000)
  to   space 4096K, 0% used [0x00000000d7280000,0x00000000d7280000,0x00000000d7680000)
 ParOldGen       total 68608K, used 16K [0x0000000080000000, 0x0000000084300000, 0x00000000d5580000)
  object space 68608K, 0% used [0x0000000080000000,0x0000000080004000,0x0000000084300000)
 Metaspace       used 4343K, committed 4608K, reserved 1114112K
  class space    used 475K, committed 576K, reserved 1048576K
}

Dll operation events (8 events):
Event: 0.150 Loaded shared library c:\Users\arpit\.vscode\extensions\redhat.java-1.55.0-win32-x64\jre\21.0.11-win32-x86_64\bin\java.dll
Event: 0.341 Loaded shared library c:\Users\arpit\.vscode\extensions\redhat.java-1.55.0-win32-x64\jre\21.0.11-win32-x86_64\bin\zip.dll
Event: 0.384 Loaded shared library C:\Users\arpit\.vscode\extensions\redhat.java-1.55.0-win32-x64\jre\21.0.11-win32-x86_64\bin\instrument.dll
Event: 0.477 Loaded shared library C:\Users\arpit\.vscode\extensions\redhat.java-1.55.0-win32-x64\jre\21.0.11-win32-x86_64\bin\net.dll
Event: 0.559 Loaded shared library C:\Users\arpit\.vscode\extensions\redhat.java-1.55.0-win32-x64\jre\21.0.11-win32-x86_64\bin\nio.dll
Event: 0.565 Loaded shared library C:\Users\arpit\.vscode\extensions\redhat.java-1.55.0-win32-x64\jre\21.0.11-win32-x86_64\bin\zip.dll
Event: 0.601 Loaded shared library C:\Users\arpit\.vscode\extensions\redhat.java-1.55.0-win32-x64\jre\21.0.11-win32-x86_64\bin\jimage.dll
Event: 0.793 Loaded shared library c:\Users\arpit\.vscode\extensions\redhat.java-1.55.0-win32-x64\jre\21.0.11-win32-x86_64\bin\verify.dll

Deoptimization events (20 events):
Event: 1.779 Thread 0x00000293391ea670 DEOPT PACKING pc=0x0000029343f092f8 sp=0x000000d361dfe770
Event: 1.780 Thread 0x00000293391ea670 DEOPT UNPACKING pc=0x0000029343973aa2 sp=0x000000d361dfe6c8 mode 2
Event: 1.871 Thread 0x00000293391ea670 Uncommon trap: trap_request=0xffffff45 fr.pc=0x0000029343f11de8 relative=0x0000000000000ee8
Event: 1.871 Thread 0x00000293391ea670 Uncommon trap: reason=unstable_if action=reinterpret pc=0x0000029343f11de8 method=lombok.patcher.PatchScript.classMatches(Ljava/lang/String;Ljava/util/Collection;)Z @ 25 c2
Event: 1.871 Thread 0x00000293391ea670 DEOPT PACKING pc=0x0000029343f11de8 sp=0x000000d361df8a90
Event: 1.871 Thread 0x00000293391ea670 DEOPT UNPACKING pc=0x0000029343973aa2 sp=0x000000d361df89f8 mode 2
Event: 1.875 Thread 0x00000293391ea670 DEOPT PACKING pc=0x000002933c48a98d sp=0x000000d361df7ee0
Event: 1.875 Thread 0x00000293391ea670 DEOPT UNPACKING pc=0x0000029343974242 sp=0x000000d361df7390 mode 0
Event: 1.898 Thread 0x00000293391ea670 DEOPT PACKING pc=0x000002933c48a98d sp=0x000000d361df4390
Event: 1.898 Thread 0x00000293391ea670 DEOPT UNPACKING pc=0x0000029343974242 sp=0x000000d361df3840 mode 0
Event: 1.901 Thread 0x00000293391ea670 DEOPT PACKING pc=0x000002933c48a98d sp=0x000000d361df4390
Event: 1.901 Thread 0x00000293391ea670 DEOPT UNPACKING pc=0x0000029343974242 sp=0x000000d361df3840 mode 0
Event: 1.908 Thread 0x00000293391ea670 DEOPT PACKING pc=0x000002933c48a98d sp=0x000000d361df7df0
Event: 1.908 Thread 0x00000293391ea670 DEOPT UNPACKING pc=0x0000029343974242 sp=0x000000d361df72a0 mode 0
Event: 1.915 Thread 0x00000293391ea670 DEOPT PACKING pc=0x000002933c48a98d sp=0x000000d361df7db0
Event: 1.915 Thread 0x00000293391ea670 DEOPT UNPACKING pc=0x0000029343974242 sp=0x000000d361df7260 mode 0
Event: 1.922 Thread 0x00000293391ea670 DEOPT PACKING pc=0x000002933c48a98d sp=0x000000d361df4020
Event: 1.922 Thread 0x00000293391ea670 DEOPT UNPACKING pc=0x0000029343974242 sp=0x000000d361df34d0 mode 0
Event: 1.928 Thread 0x00000293391ea670 DEOPT PACKING pc=0x000002933c48a98d sp=0x000000d361df7980
Event: 1.928 Thread 0x00000293391ea670 DEOPT UNPACKING pc=0x0000029343974242 sp=0x000000d361df6e30 mode 0

Classes loaded (20 events):
Event: 1.953 Loading class java/security/SignatureException
Event: 1.953 Loading class java/security/SignatureException done
Event: 1.953 Loading class java/security/cert/CertificateException
Event: 1.953 Loading class java/security/cert/CertificateException done
Event: 1.953 Loading class java/security/NoSuchAlgorithmException
Event: 1.953 Loading class java/security/NoSuchAlgorithmException done
Event: 1.953 Loading class java/security/NoSuchProviderException
Event: 1.953 Loading class java/security/NoSuchProviderException done
Event: 1.979 Loading class java/util/Collections$UnmodifiableMap$UnmodifiableEntrySet
Event: 1.980 Loading class java/util/Collections$UnmodifiableMap$UnmodifiableEntrySet done
Event: 1.980 Loading class java/util/Collections$UnmodifiableMap$UnmodifiableEntrySet$1
Event: 1.980 Loading class java/util/Collections$UnmodifiableMap$UnmodifiableEntrySet$1 done
Event: 1.980 Loading class java/util/Collections$UnmodifiableMap$UnmodifiableEntrySet$UnmodifiableEntry
Event: 1.980 Loading class java/util/Collections$UnmodifiableMap$UnmodifiableEntrySet$UnmodifiableEntry done
Event: 2.003 Loading class java/lang/reflect/TypeVariable
Event: 2.003 Loading class java/lang/reflect/TypeVariable done
Event: 2.004 Loading class java/lang/InstantiationException
Event: 2.004 Loading class java/lang/InstantiationException done
Event: 2.004 Loading class java/lang/reflect/AnnotatedType
Event: 2.005 Loading class java/lang/reflect/AnnotatedType done

Classes unloaded (0 events):
No events

Classes redefined (0 events):
No events

Internal exceptions (20 events):
Event: 1.180 Thread 0x00000293391ea670 Exception <a 'java/io/FileNotFoundException'{0x00000000d64cb538}> (0x00000000d64cb538) 
thrown [s\src\hotspot\share\prims\jni.cpp, line 520]
Event: 1.187 Thread 0x00000293391ea670 Implicit null exception at 0x0000029343ef0fa4 to 0x0000029343ef1548
Event: 1.187 Thread 0x00000293391ea670 Implicit null exception at 0x0000029343ef2020 to 0x0000029343ef25b4
Event: 1.191 Thread 0x00000293391ea670 Exception <a 'java/io/FileNotFoundException'{0x00000000d6503bd0}> (0x00000000d6503bd0) 
thrown [s\src\hotspot\share\prims\jni.cpp, line 520]
Event: 1.203 Thread 0x00000293391ea670 Exception <a 'java/lang/NoSuchMethodError'{0x00000000d653c5f8}: 'java.lang.Object java.lang.invoke.DirectMethodHandle$Holder.invokeInterface(java.lang.Object, java.lang.Object)'> (0x00000000d653c5f8) 
thrown [s\src\hotspot\share\interpreter\linkResolver.cpp, line 773]
Event: 1.206 Thread 0x00000293391ea670 Exception <a 'java/lang/NoSuchMethodError'{0x00000000d654fc38}: 'java.lang.Object java.lang.invoke.Invokers$Holder.invokeExact_MT(java.lang.Object, java.lang.Object, java.lang.Object, java.lang.Object, java.lang.Object, java.lang.Object)'> (0x00000000d654fc38) 
thrown [s\src\hotspot\share\interpreter\linkResolver.cpp, line 773]
Event: 1.211 Thread 0x00000293391ea670 Exception <a 'java/lang/NoSuchMethodError'{0x00000000d6567278}: 'int java.lang.invoke.DirectMethodHandle$Holder.invokeStatic(java.lang.Object, java.lang.Object, java.lang.Object, java.lang.Object, java.lang.Object)'> (0x00000000d6567278) 
thrown [s\src\hotspot\share\interpreter\linkResolver.cpp, line 773]
Event: 1.260 Thread 0x00000293391ea670 Exception <a 'java/lang/NoSuchMethodError'{0x00000000d65faff0}: 'java.lang.Object java.lang.invoke.DirectMethodHandle$Holder.invokeInterface(java.lang.Object, java.lang.Object, int)'> (0x00000000d65faff0) 
thrown [s\src\hotspot\share\interpreter\linkResolver.cpp, line 773]
Event: 1.485 Thread 0x00000293391ea670 Exception <a 'java/lang/NoSuchMethodError'{0x00000000d6a63180}: 'java.lang.ClassLoader java.lang.ClassLoader.getPlatformClassLoader(java.lang.Class)'> (0x00000000d6a63180) 
thrown [s\src\hotspot\share\interpreter\linkResolver.cpp, line 773]
Event: 1.579 Thread 0x00000293391ea670 Exception <a 'java/lang/ClassNotFoundException'{0x00000000d5585890}: sun/net/www/protocol/c/Handler> (0x00000000d5585890) 
thrown [s\src\hotspot\share\classfile\systemDictionary.cpp, line 313]
Event: 1.580 Thread 0x00000293391ea670 Exception <a 'java/lang/ClassNotFoundException'{0x00000000d5586bf0}: sun/net/www/protocol/e/Handler> (0x00000000d5586bf0) 
thrown [s\src\hotspot\share\classfile\systemDictionary.cpp, line 313]
Event: 1.580 Thread 0x00000293391ea670 Exception <a 'java/lang/ClassNotFoundException'{0x00000000d5587d80}: sun/net/www/protocol/c/Handler> (0x00000000d5587d80) 
thrown [s\src\hotspot\share\classfile\systemDictionary.cpp, line 313]
Event: 1.594 Thread 0x00000293391ea670 Exception <a 'java/io/FileNotFoundException'{0x00000000d55afae0}> (0x00000000d55afae0) 
thrown [s\src\hotspot\share\prims\jni.cpp, line 520]
Event: 1.645 Thread 0x00000293391ea670 Implicit null exception at 0x0000029343f2c5c9 to 0x0000029343f2d070
Event: 1.646 Thread 0x00000293391ea670 Implicit null exception at 0x0000029343f22f9a to 0x0000029343f231a0
Event: 1.647 Thread 0x00000293391ea670 Exception <a 'java/lang/NoSuchMethodError'{0x00000000d56e0da0}: 'void java.lang.invoke.DirectMethodHandle$Holder.invokeStatic(java.lang.Object, java.lang.Object, java.lang.Object, java.lang.Object)'> (0x00000000d56e0da0) 
thrown [s\src\hotspot\share\interpreter\linkResolver.cpp, line 773]
Event: 1.648 Thread 0x00000293391ea670 Implicit null exception at 0x0000029343f2801a to 0x0000029343f28224
Event: 1.648 Thread 0x00000293391ea670 Implicit null exception at 0x0000029343f21abd to 0x0000029343f21b41
Event: 1.796 Thread 0x00000293391ea670 Exception <a 'java/lang/NoSuchMethodError'{0x00000000d59a0aa0}: 'void java.lang.invoke.DirectMethodHandle$Holder.invokeSpecial(java.lang.Object, java.lang.Object, java.lang.Object)'> (0x00000000d59a0aa0) 
thrown [s\src\hotspot\share\interpreter\linkResolver.cpp, line 773]
Event: 2.008 Thread 0x00000293391ea670 Exception <a 'java/lang/NoSuchMethodError'{0x00000000d629b170}: 'int java.lang.invoke.DirectMethodHandle$Holder.invokeVirtual(java.lang.Object, java.lang.Object)'> (0x00000000d629b170) 
thrown [s\src\hotspot\share\interpreter\linkResolver.cpp, line 773]

ZGC Phase Switch (0 events):
No events

VM Operations (14 events):
Event: 0.336 Executing non-safepoint VM operation: HandshakeAllThreads (Deoptimize)
Event: 0.336 Executing non-safepoint VM operation: HandshakeAllThreads (Deoptimize) done
Event: 0.622 Executing non-safepoint VM operation: HandshakeAllThreads (Deoptimize)
Event: 0.622 Executing non-safepoint VM operation: HandshakeAllThreads (Deoptimize) done
Event: 1.115 Executing non-safepoint VM operation: HandshakeAllThreads (Deoptimize)
Event: 1.115 Executing non-safepoint VM operation: HandshakeAllThreads (Deoptimize) done
Event: 1.133 Executing non-safepoint VM operation: HandshakeAllThreads (Deoptimize)
Event: 1.133 Executing non-safepoint VM operation: HandshakeAllThreads (Deoptimize) done
Event: 1.529 Executing safepoint VM operation: ICBufferFull
Event: 1.529 Executing safepoint VM operation: ICBufferFull done
Event: 1.538 Executing non-safepoint VM operation: HandshakeAllThreads (Deoptimize)
Event: 1.538 Executing non-safepoint VM operation: HandshakeAllThreads (Deoptimize) done
Event: 1.564 Executing safepoint VM operation: ParallelGCFailedAllocation (Allocation Failure)
Event: 1.576 Executing safepoint VM operation: ParallelGCFailedAllocation (Allocation Failure) done

Memory protections (0 events):
No events

Nmethod flushes (0 events):
No events

Events (20 events):
Event: 0.295 Thread 0x00000293391ea670 Thread added: 0x000002933919d440
Event: 0.295 Thread 0x00000293391ea670 Thread added: 0x0000029392a90820
Event: 0.296 Thread 0x00000293391ea670 Thread added: 0x0000029392a94690
Event: 0.296 Thread 0x00000293391ea670 Thread added: 0x0000029392a97100
Event: 0.296 Thread 0x00000293391ea670 Thread added: 0x0000029392a9b200
Event: 0.297 Thread 0x00000293391ea670 Thread added: 0x0000029392aa4660
Event: 0.297 Thread 0x00000293391ea670 Thread added: 0x0000029392ad0850
Event: 0.298 Thread 0x00000293391ea670 Thread added: 0x0000029392ad1d90
Event: 0.362 Thread 0x0000029392ad1d90 Thread added: 0x0000029392cb93c0
Event: 0.388 Thread 0x00000293391ea670 Thread added: 0x0000029392d5d420
Event: 0.563 Thread 0x0000029392cb93c0 Thread exited: 0x0000029392cb93c0
Event: 0.718 Thread 0x0000029392ad0850 Thread added: 0x0000029392cb8cf0
Event: 0.829 Thread 0x0000029392cb8cf0 Thread exited: 0x0000029392cb8cf0
Event: 0.913 Thread 0x00000293391ea670 Thread added: 0x0000029392d85540
Event: 0.916 Thread 0x0000029392ad1d90 Thread added: 0x0000029392e21e20
Event: 1.041 Thread 0x0000029392ad1d90 Thread added: 0x0000029392e23960
Event: 1.297 Thread 0x0000029392e23960 Thread exited: 0x0000029392e23960
Event: 1.371 Thread 0x0000029392e21e20 Thread exited: 0x0000029392e21e20
Event: 1.388 Thread 0x0000029392ad1d90 Thread added: 0x0000029392e23290
Event: 1.848 Thread 0x0000029392ad1d90 Thread added: 0x0000029392e21e20


Dynamic libraries:
0x00007ff637470000 - 0x00007ff63747e000 	c:\Users\arpit\.vscode\extensions\redhat.java-1.55.0-win32-x64\jre\21.0.11-win32-x86_64\bin\java.exe
0x00007ff997ba0000 - 0x00007ff997e06000 	C:\WINDOWS\SYSTEM32\ntdll.dll
0x00007ff996170000 - 0x00007ff996239000 	C:\WINDOWS\System32\KERNEL32.DLL
0x00007ff9951b0000 - 0x00007ff9955aa000 	C:\WINDOWS\System32\KERNELBASE.dll
0x00007ff994ee0000 - 0x00007ff99502c000 	C:\WINDOWS\System32\ucrtbase.dll
0x00007ff97a9e0000 - 0x00007ff97a9fe000 	c:\Users\arpit\.vscode\extensions\redhat.java-1.55.0-win32-x64\jre\21.0.11-win32-x86_64\bin\VCRUNTIME140.dll
0x00007ff97a9c0000 - 0x00007ff97a9d8000 	c:\Users\arpit\.vscode\extensions\redhat.java-1.55.0-win32-x64\jre\21.0.11-win32-x86_64\bin\jli.dll
0x00007ff997990000 - 0x00007ff997b57000 	C:\WINDOWS\System32\USER32.dll
0x00007ff9950f0000 - 0x00007ff995117000 	C:\WINDOWS\System32\win32u.dll
0x00007ff97c3a0000 - 0x00007ff97c632000 	C:\WINDOWS\WinSxS\amd64_microsoft.windows.common-controls_6595b64144ccf1df_6.0.26100.8521_none_3e08b75ce33403b3\COMCTL32.dll
0x00007ff9969b0000 - 0x00007ff996a59000 	C:\WINDOWS\System32\msvcrt.dll
0x00007ff995db0000 - 0x00007ff995ddb000 	C:\WINDOWS\System32\GDI32.dll
0x00007ff995660000 - 0x00007ff99578b000 	C:\WINDOWS\System32\gdi32full.dll
0x00007ff994e30000 - 0x00007ff994ed3000 	C:\WINDOWS\System32\msvcp_win.dll
0x00007ff9959e0000 - 0x00007ff995a12000 	C:\WINDOWS\System32\IMM32.DLL
0x00007ff98f7c0000 - 0x00007ff98f7cc000 	c:\Users\arpit\.vscode\extensions\redhat.java-1.55.0-win32-x64\jre\21.0.11-win32-x86_64\bin\vcruntime140_1.dll
0x00007ff91d590000 - 0x00007ff91d61d000 	c:\Users\arpit\.vscode\extensions\redhat.java-1.55.0-win32-x64\jre\21.0.11-win32-x86_64\bin\msvcp140.dll
0x00007ff8c4ad0000 - 0x00007ff8c5872000 	c:\Users\arpit\.vscode\extensions\redhat.java-1.55.0-win32-x64\jre\21.0.11-win32-x86_64\bin\server\jvm.dll
0x00007ff995910000 - 0x00007ff9959c6000 	C:\WINDOWS\System32\ADVAPI32.dll
0x00007ff9962b0000 - 0x00007ff99635a000 	C:\WINDOWS\System32\sechost.dll
0x00007ff997440000 - 0x00007ff997558000 	C:\WINDOWS\System32\RPCRT4.dll
0x00007ff996090000 - 0x00007ff996110000 	C:\WINDOWS\System32\WS2_32.dll
0x00007ff994cb0000 - 0x00007ff994d0e000 	C:\WINDOWS\SYSTEM32\POWRPROF.dll
0x00007ff98c620000 - 0x00007ff98c656000 	C:\WINDOWS\SYSTEM32\WINMM.dll
0x00007ff97c640000 - 0x00007ff97c64b000 	C:\WINDOWS\SYSTEM32\VERSION.dll
0x00007ff994c90000 - 0x00007ff994ca4000 	C:\WINDOWS\SYSTEM32\UMPDC.dll
0x00007ff993b80000 - 0x00007ff993b9b000 	C:\WINDOWS\SYSTEM32\kernel.appcore.dll
0x00007ff98a240000 - 0x00007ff98a24a000 	c:\Users\arpit\.vscode\extensions\redhat.java-1.55.0-win32-x64\jre\21.0.11-win32-x86_64\bin\jimage.dll
0x00007ff9924e0000 - 0x00007ff992722000 	C:\WINDOWS\SYSTEM32\DBGHELP.DLL
0x00007ff995a20000 - 0x00007ff995da3000 	C:\WINDOWS\System32\combase.dll
0x00007ff995f20000 - 0x00007ff995ff9000 	C:\WINDOWS\System32\OLEAUT32.dll
0x00007ff98c5e0000 - 0x00007ff98c61b000 	C:\WINDOWS\SYSTEM32\dbgcore.DLL
0x00007ff9955b0000 - 0x00007ff995658000 	C:\WINDOWS\System32\bcryptPrimitives.dll
0x00007ff989c30000 - 0x00007ff989c3f000 	c:\Users\arpit\.vscode\extensions\redhat.java-1.55.0-win32-x64\jre\21.0.11-win32-x86_64\bin\instrument.dll
0x00007ff97a9a0000 - 0x00007ff97a9c0000 	c:\Users\arpit\.vscode\extensions\redhat.java-1.55.0-win32-x64\jre\21.0.11-win32-x86_64\bin\java.dll
0x00007ff996ac0000 - 0x00007ff997244000 	C:\WINDOWS\System32\SHELL32.dll
0x00007ff9929b0000 - 0x00007ff993230000 	C:\WINDOWS\SYSTEM32\windows.storage.dll
0x00007ff997560000 - 0x00007ff997656000 	C:\WINDOWS\System32\SHCORE.dll
0x00007ff996240000 - 0x00007ff9962a7000 	C:\WINDOWS\System32\shlwapi.dll
0x00007ff994d50000 - 0x00007ff994d79000 	C:\WINDOWS\SYSTEM32\profapi.dll
0x00007ff974cb0000 - 0x00007ff974cc8000 	c:\Users\arpit\.vscode\extensions\redhat.java-1.55.0-win32-x64\jre\21.0.11-win32-x86_64\bin\zip.dll
0x00007ff988ac0000 - 0x00007ff988ad0000 	C:\Users\arpit\.vscode\extensions\redhat.java-1.55.0-win32-x64\jre\21.0.11-win32-x86_64\bin\net.dll
0x00007ff98b560000 - 0x00007ff98b689000 	C:\WINDOWS\SYSTEM32\WINHTTP.dll
0x00007ff9940e0000 - 0x00007ff99414c000 	C:\WINDOWS\system32\mswsock.dll
0x00007ff974150000 - 0x00007ff974166000 	C:\Users\arpit\.vscode\extensions\redhat.java-1.55.0-win32-x64\jre\21.0.11-win32-x86_64\bin\nio.dll
0x00007ff986500000 - 0x00007ff986510000 	c:\Users\arpit\.vscode\extensions\redhat.java-1.55.0-win32-x64\jre\21.0.11-win32-x86_64\bin\verify.dll

JVMTI agents:
c:\Users\arpit\.vscode\extensions\redhat.java-1.55.0-win32-x64\lombok\lombok-1.18.39-4050.jar path:c:\Users\arpit\.vscode\extensions\redhat.java-1.55.0-win32-x64\jre\21.0.11-win32-x86_64\bin\instrument.dll, loaded, initialized, instrumentlib options:none

dbghelp: loaded successfully - version: 4.0.5 - missing functions: none
symbol engine: initialized successfully - sym options: 0x614 - pdb path: .;c:\Users\arpit\.vscode\extensions\redhat.java-1.55.0-win32-x64\jre\21.0.11-win32-x86_64\bin;C:\WINDOWS\SYSTEM32;C:\WINDOWS\WinSxS\amd64_microsoft.windows.common-controls_6595b64144ccf1df_6.0.26100.8521_none_3e08b75ce33403b3;c:\Users\arpit\.vscode\extensions\redhat.java-1.55.0-win32-x64\jre\21.0.11-win32-x86_64\bin\server

VM Arguments:
jvm_args: --add-modules=ALL-SYSTEM --add-opens=java.base/java.util=ALL-UNNAMED --add-opens=java.base/java.lang=ALL-UNNAMED --add-opens=java.base/sun.nio.fs=ALL-UNNAMED -Declipse.application=org.eclipse.jdt.ls.core.id1 -Dosgi.bundles.defaultStartLevel=4 -Declipse.product=org.eclipse.jdt.ls.core.product -Djava.import.generatesMetadataFilesAtProjectRoot=false -DDetectVMInstallationsJob.disabled=true -Dfile.encoding=utf8 -XX:+UseParallelGC -XX:GCTimeRatio=4 -XX:AdaptiveSizePolicyWeight=90 -Dsun.zip.disableMemoryMapping=true -Xmx2G -Xms100m -Xlog:disable -javaagent:c:\Users\arpit\.vscode\extensions\redhat.java-1.55.0-win32-x64\lombok\lombok-1.18.39-4050.jar 
java_command: c:\Users\arpit\.vscode\extensions\redhat.java-1.55.0-win32-x64\server\plugins\org.eclipse.equinox.launcher_1.7.200.v20260619-2039.jar -configuration c:\Users\arpit\AppData\Roaming\Code\User\globalStorage\redhat.java\1.55.0\config_ss_win -data c:\Users\arpit\AppData\Roaming\Code\User\workspaceStorage\25ee04eb5f50706b54d9e8c593832732\redhat.java\ss_ws --pipe=\\.\pipe\lsp-ffbf8b6b5058d0e7384a877362a07bf7-sock
java_class_path (initial): c:\Users\arpit\.vscode\extensions\redhat.java-1.55.0-win32-x64\server\plugins\org.eclipse.equinox.launcher_1.7.200.v20260619-2039.jar
Launcher Type: SUN_STANDARD

[Global flags]
    uintx AdaptiveSizePolicyWeight                 = 90                                        {product} {command line}
     intx CICompilerCount                          = 4                                         {product} {ergonomic}
    uintx GCTimeRatio                              = 4                                         {product} {command line}
   size_t InitialHeapSize                          = 104857600                                 {product} {command line}
   size_t MaxHeapSize                              = 2147483648                                {product} {command line}
   size_t MaxNewSize                               = 715653120                                 {product} {ergonomic}
   size_t MinHeapDeltaBytes                        = 524288                                    {product} {ergonomic}
   size_t MinHeapSize                              = 104857600                                 {product} {command line}
   size_t NewSize                                  = 34603008                                  {product} {ergonomic}
    uintx NonNMethodCodeHeapSize                   = 5839372                                {pd product} {ergonomic}
    uintx NonProfiledCodeHeapSize                  = 122909434                              {pd product} {ergonomic}
   size_t OldSize                                  = 70254592                                  {product} {ergonomic}
     bool PerfDisableSharedMem                     = true                                      {product} {ergonomic}
    uintx ProfiledCodeHeapSize                     = 122909434                              {pd product} {ergonomic}
    uintx ReservedCodeCacheSize                    = 251658240                              {pd product} {ergonomic}
     bool SegmentedCodeCache                       = true                                      {product} {ergonomic}
   size_t SoftMaxHeapSize                          = 2147483648                             {manageable} {ergonomic}
     bool UseCompressedOops                        = true                           {product lp64_product} {ergonomic}
     bool UseLargePagesIndividualAllocation        = false                                  {pd product} {ergonomic}
     bool UseParallelGC                            = true                                      {product} {command line}

Logging:
Log output configuration:
 #0: stdout all=off uptime,level,tags foldmultilines=false
 #1: stderr all=off uptime,level,tags foldmultilines=false

Release file:
JAVA_VERSION="21.0.11" 
MODULES="java.base java.compiler java.datatransfer java.xml java.prefs java.desktop java.instrument java.logging java.management java.security.sasl java.naming java.rmi java.management.rmi java.net.http java.scripting java.security.jgss java.transaction.xa java.sql java.sql.rowset java.xml.crypto java.se java.smartcardio jdk.accessibility jdk.internal.jvmstat jdk.attach jdk.charsets jdk.internal.opt jdk.zipfs jdk.compiler jdk.crypto.ec jdk.crypto.cryptoki jdk.crypto.mscapi jdk.dynalink jdk.internal.ed jdk.editpad jdk.hotspot.agent jdk.httpserver jdk.internal.le jdk.internal.vm.ci jdk.internal.vm.compiler jdk.internal.vm.compiler.management jdk.jartool jdk.javadoc jdk.jcmd jdk.management jdk.management.agent jdk.jconsole jdk.jdeps jdk.jdwp.agent jdk.jdi jdk.jfr jdk.jshell jdk.jsobject jdk.jstatd jdk.localedata jdk.management.jfr jdk.naming.dns jdk.naming.rmi jdk.net jdk.nio.mapmode jdk.random jdk.sctp jdk.security.auth jdk.security.jgss jdk.unsupported jdk.unsupported.desktop jdk.xml.dom" 

Environment Variables:
PATH=D:\bin;C:\WINDOWS\system32;C:\WINDOWS;C:\WINDOWS\System32\Wbem;C:\WINDOWS\System32\WindowsPowerShell\v1.0\;C:\WINDOWS\System32\OpenSSH\;C:\MinGW\bin;C:\Program Files\Git\cmd;C:\Program Files\Cloudflare\Cloudflare WARP\;C:\Program Files\MongoDB\Server\8.0\bin;C:\Users\arpit\AppData\Local\nvm;C:\nvm4w\nodejs;C:\Users\arpit\AppData\Local\Programs\Python\Python312\Scripts\;C:\Users\arpit\AppData\Local\Programs\Python\Python312\;C:\Users\arpit\AppData\Local\Microsoft\WindowsApps;C:\Users\arpit\AppData\Local\Programs\Microsoft VS Code\bin;C:\Users\arpit\AppData\Local\GitHubDesktop\bin;C:\Users\arpit\AppData\Local\nvm;C:\nvm4w\nodejs;D:\Docker\Docker\resources\bin;C:\Users\arpit\AppData\Local\Programs\DockerDesktop\resources\bin;D:\apache-maven-3.9.16\bin;
USERNAME=arpit
OS=Windows_NT
PROCESSOR_IDENTIFIER=Intel64 Family 6 Model 154 Stepping 4, GenuineIntel
TMP=C:\Users\arpit\AppData\Local\Temp
TEMP=C:\Users\arpit\AppData\Local\Temp




Periodic native trim disabled

---------------  S Y S T E M  ---------------

OS:
 Windows 11 , 64 bit Build 26100 (10.0.26100.8521)
OS uptime: 1 days 4:27 hours
Hyper-V role detected

CPU: total 12 (initial active 12) (6 cores per cpu, 2 threads per core) family 6 model 154 stepping 4 microcode 0x424, cx8, cmov, fxsr, ht, mmx, 3dnowpref, sse, sse2, sse3, ssse3, sse4.1, sse4.2, popcnt, lzcnt, tsc, tscinvbit, avx, avx2, aes, erms, clmul, bmi1, bmi2, adx, sha, fma, vzeroupper, clflush, clflushopt, clwb, hv, serialize, rdtscp, rdpid, fsrm, f16c, cet_ibt, cet_ss
Processor Information for processor 0
  Max Mhz: 1300, Current Mhz: 1300, Mhz Limit: 1300
Processor Information for processor 1
  Max Mhz: 1300, Current Mhz: 1300, Mhz Limit: 1300
Processor Information for processor 2
  Max Mhz: 1300, Current Mhz: 1300, Mhz Limit: 1300
Processor Information for processor 3
  Max Mhz: 1300, Current Mhz: 1300, Mhz Limit: 1300
Processor Information for processor 4
  Max Mhz: 900, Current Mhz: 900, Mhz Limit: 900
Processor Information for processor 5
  Max Mhz: 900, Current Mhz: 900, Mhz Limit: 900
Processor Information for processor 6
  Max Mhz: 900, Current Mhz: 900, Mhz Limit: 900
Processor Information for processor 7
  Max Mhz: 900, Current Mhz: 900, Mhz Limit: 900
Processor Information for processor 8
  Max Mhz: 900, Current Mhz: 900, Mhz Limit: 900
Processor Information for processor 9
  Max Mhz: 900, Current Mhz: 900, Mhz Limit: 900
Processor Information for processor 10
  Max Mhz: 900, Current Mhz: 900, Mhz Limit: 900
Processor Information for processor 11
  Max Mhz: 900, Current Mhz: 900, Mhz Limit: 900

Memory: 4k page, system-wide physical 16108M (1046M free)
TotalPageFile size 19606M (AvailPageFile size 5M)
current process WorkingSet (physical memory assigned to process): 91M, peak: 93M
current process commit charge ("private bytes"): 247M, peak: 249M

vm_info: OpenJDK 64-Bit Server VM (21.0.11+10-LTS) for windows-amd64 JRE (21.0.11+10-LTS), built on 2026-04-21T00:00:00Z by "admin" with MS VC++ 17.12 (VS2022)

END.
